[themewagon.github.io/eduland/index.html]
[backblue.gif]
[fade.gif]
[index.html]
[themewagon.github.io/eduland/images/favicon.png]
[themewagon.github.io/eduland/css/bootstrap.min.css]
[themewagon.github.io/eduland/css/font-awesome.min.css]
[themewagon.github.io/eduland/css/niceselect.css]
[themewagon.github.io/eduland/css/jquery.fancybox.min.css]
[themewagon.github.io/eduland/css/cube-portfolio.min.css]
[themewagon.github.io/eduland/css/owl.carousel.min.css]
[themewagon.github.io/eduland/css/animate.min.css]
[themewagon.github.io/eduland/css/slicknav.min.css]
[themewagon.github.io/eduland/css/magnific-popup.css]
[themewagon.github.io/eduland/css/normalize.css]
[themewagon.github.io/eduland/style.css]
[themewagon.github.io/eduland/css/responsive.css]
[themewagon.github.io/eduland/css/colors/color1.css]
[themewagon.github.io/eduland/index-2.html]
[themewagon.github.io/eduland/images/logo.png]
[themewagon.github.io/eduland/teachers.html]
[themewagon.github.io/eduland/courses.html]
[themewagon.github.io/eduland/events.html]
[themewagon.github.io/eduland/contact.html]
[themewagon.github.io/eduland/images/slider/slider-bg1.jpg]
[themewagon.github.io/eduland/about.html]
[themewagon.github.io/eduland/images/courses/course1.jpg]
[themewagon.github.io/eduland/course-single.html]
[themewagon.github.io/eduland/images/author1.jpg]
[themewagon.github.io/eduland/images/courses/course3.jpg]
[themewagon.github.io/eduland/images/author3.jpg]
[themewagon.github.io/eduland/images/courses/course2.jpg]
[themewagon.github.io/eduland/images/author2.jpg]
[themewagon.github.io/eduland/images/courses/course4.jpg]
[themewagon.github.io/eduland/images/feature1.jpg]
[themewagon.github.io/eduland/images/feature2.jpg]
[themewagon.github.io/eduland/images/feature3.jpg]
[themewagon.github.io/eduland/images/event-left.png]
[themewagon.github.io/eduland/event-single.html]
[themewagon.github.io/eduland/images/cta-bg.jpg]
[themewagon.github.io/eduland/images/girl-1.png]
[themewagon.github.io/eduland/images/faq.png]
[themewagon.github.io/eduland/images/client1.png]
[themewagon.github.io/eduland/images/client2.png]
[themewagon.github.io/eduland/images/client3.png]
[themewagon.github.io/eduland/images/client4.png]
[themewagon.github.io/eduland/images/client5.png]
[themewagon.github.io/eduland/js/jquery.min.js]
[themewagon.github.io/eduland/js/jquery-migrate.min.js]
[themewagon.github.io/eduland/js/colors.js]
[themewagon.github.io/eduland/js/popper.min.js]
[themewagon.github.io/eduland/js/bootstrap.min.js]
[themewagon.github.io/eduland/js/owl.carousel.min.js]
[themewagon.github.io/eduland/js/jquery.stellar.min.js]
[themewagon.github.io/eduland/js/finalcountdown.min.js]
[themewagon.github.io/eduland/js/facnybox.min.js]
[themewagon.github.io/eduland/js/jquery.magnific-popup.min.js]
[themewagon.github.io/eduland/js/circle-progress.min.js]
[themewagon.github.io/eduland/js/niceselect.js]
[themewagon.github.io/eduland/js/cube-portfolio.min.js]
[themewagon.github.io/eduland/js/slicknav.min.js]
[themewagon.github.io/eduland/js/easing.min.js]
[themewagon.github.io/eduland/js/waypoints.min.js]
[themewagon.github.io/eduland/js/jquery.counterup.min.js]
[themewagon.github.io/eduland/js/jquery.scrollUp.min.js]
[themewagon.github.io/eduland/js/gmaps.min.js]
[themewagon.github.io/eduland/js/main.js]
[themewagon.github.io/eduland/index.html]
[themewagon.github.io/eduland/images/favicon.html]
[themewagon.github.io/eduland/css/bootstrap.min.css]
[themewagon.github.io/eduland/fonts/fontawesome-webfont3e6e.eot]
[themewagon.github.io/eduland/fonts/fontawesome-webfontd41d.eot]
[themewagon.github.io/eduland/fonts/fontawesome-webfont3e6e.woff2]
[themewagon.github.io/eduland/fonts/fontawesome-webfont3e6e.woff]
[themewagon.github.io/eduland/fonts/fontawesome-webfont3e6e.ttf]
[themewagon.github.io/eduland/css/font-awesome.min.css]
[themewagon.github.io/eduland/css/niceselect.css]
[themewagon.github.io/eduland/css/jquery.fancybox.min.css]
[themewagon.github.io/eduland/fonts/fontawesome-webfont3e6e.svg]
[themewagon.github.io/eduland/img/cbp-sprite.png]
[themewagon.github.io/eduland/css/cube-portfolio.min.css]
[themewagon.github.io/eduland/css/owl.video.play.png]
[themewagon.github.io/eduland/css/owl.carousel.min.css]
[themewagon.github.io/eduland/css/animate.min.css]
[themewagon.github.io/eduland/css/slicknav.min.css]
[themewagon.github.io/eduland/css/magnific-popup.css]
[themewagon.github.io/eduland/css/normalize.css]
[themewagon.github.io/eduland/images/bg-pattern1.png]
[themewagon.github.io/eduland/images/feature-bg.jpg]
[themewagon.github.io/eduland/images/register-bg.jpg]
[themewagon.github.io/eduland/images/clients-bg.jpg]
[themewagon.github.io/eduland/style.css]
[themewagon.github.io/eduland/css/responsive.css]
[themewagon.github.io/eduland/css/colors/color1.css]
[themewagon.github.io/eduland/index-2.html]
[themewagon.github.io/eduland/images/breadcrumb-bg.jpg]
[themewagon.github.io/eduland/images/teachers/teacher-1.jpg]
[themewagon.github.io/eduland/images/teachers/teacher-2.jpg]
[themewagon.github.io/eduland/images/teachers/teacher-3.jpg]
[themewagon.github.io/eduland/images/teachers/teacher-4.jpg]
[themewagon.github.io/eduland/teachers.html]
[themewagon.github.io/eduland/courses.html]
[themewagon.github.io/eduland/images/events/event1.jpg]
[themewagon.github.io/eduland/images/events/event2.jpg]
[themewagon.github.io/eduland/images/events/event3.jpg]
[themewagon.github.io/eduland/images/events/event4.jpg]
[themewagon.github.io/eduland/images/events/event5.jpg]
[themewagon.github.io/eduland/images/events/event6.jpg]
[themewagon.github.io/eduland/events.html]
[themewagon.github.io/eduland/contact.html]
[themewagon.github.io/eduland/about.html]
[themewagon.github.io/eduland/course-single.html]
[themewagon.github.io/eduland/event-single.html]
[themewagon.github.io/eduland/js/gmaps.min.html]
[themewagon.github.io/eduland/fonts/fontawesome-webfont3e6e.svg]
[themewagon.github.io/eduland/img/cbp-sprite.html]
[themewagon.github.io/eduland/css/owl.video.play.html]
