[edublink.react.devsblink.com/index.html]
[edublink.react.devsblink.com/favicon.ico]
[backblue.gif]
[fade.gif]
[index.html]
[edublink.react.devsblink.com/_next/static/chunks/polyfills-c67a75d1b6f99dc8.js]
[edublink.react.devsblink.com/_next/static/css/d71c54f46aa32c51.css]
[edublink.react.devsblink.com/_next/static/chunks/webpack-2cc6cad633ca8772.js]
[edublink.react.devsblink.com/_next/static/chunks/framework-3c2b2ea11736477d.js]
[edublink.react.devsblink.com/_next/static/chunks/main-f5e40ac01b356d29.js]
[edublink.react.devsblink.com/_next/static/chunks/pages/_app-266e9520d654fc26.js]
[edublink.react.devsblink.com/_next/static/chunks/1664-5fe238b459685415.js]
[edublink.react.devsblink.com/_next/static/chunks/4752-6d60330ca16895e1.js]
[edublink.react.devsblink.com/_next/static/chunks/2053-d17c142e53a71c00.js]
[edublink.react.devsblink.com/_next/static/chunks/8494-db8f1df98ff7a6e0.js]
[edublink.react.devsblink.com/_next/static/chunks/533-867d7e4ba92db33e.js]
[edublink.react.devsblink.com/_next/static/chunks/536-b3d3281be67c9d4e.js]
[edublink.react.devsblink.com/_next/static/chunks/206-7262a21904e723d6.js]
[edublink.react.devsblink.com/_next/static/chunks/8825-4da2df3df7026494.js]
[edublink.react.devsblink.com/_next/static/chunks/pages/index-145d95d511c130e7.js]
[edublink.react.devsblink.com/_next/static/XzeQpZCjA9ZvXqAYUhbXE/_buildManifest.js]
[edublink.react.devsblink.com/_next/static/XzeQpZCjA9ZvXqAYUhbXE/_ssgManifest.js]
[edublink.react.devsblink.com/sign-in.html]
[edublink.react.devsblink.com/assets/images/logo/logo-dark.png]
[edublink.react.devsblink.com/assets/images/logo/logo-white.png]
[edublink.react.devsblink.com/course-style-1.html]
[edublink.react.devsblink.com/home-distant-learning.html]
[edublink.react.devsblink.com/home-university.html]
[edublink.react.devsblink.com/home-online-academy.html]
[edublink.react.devsblink.com/home-kitchen.html]
[edublink.react.devsblink.com/home-yoga-instructor.html]
[edublink.react.devsblink.com/home-kindergarten.html]
[edublink.react.devsblink.com/home-modern-schooling.html]
[edublink.react.devsblink.com/landing-demo.html]
[edublink.react.devsblink.com/about-1.html]
[edublink.react.devsblink.com/about-2.html]
[edublink.react.devsblink.com/about-3.html]
[edublink.react.devsblink.com/team-1.html]
[edublink.react.devsblink.com/team-2.html]
[edublink.react.devsblink.com/team-3.html]
[edublink.react.devsblink.com/team-details.html]
[edublink.react.devsblink.com/pricing-table.html]
[edublink.react.devsblink.com/gallery-grid.html]
[edublink.react.devsblink.com/gallery-masonry.html]
[edublink.react.devsblink.com/event-grid.html]
[edublink.react.devsblink.com/event-list.html]
[edublink.react.devsblink.com/event-details.html]
[edublink.react.devsblink.com/purchase-guide.html]
[edublink.react.devsblink.com/404.html]
[edublink.react.devsblink.com/coming-soon.html]
[edublink.react.devsblink.com/faq.html]
[edublink.react.devsblink.com/privacy-policy.html]
[edublink.react.devsblink.com/terms-condition.html]
[edublink.react.devsblink.com/cart.html]
[edublink.react.devsblink.com/wishlist.html]
[edublink.react.devsblink.com/checkout.html]
[edublink.react.devsblink.com/course-style-2.html]
[edublink.react.devsblink.com/course-style-3.html]
[edublink.react.devsblink.com/course-style-4.html]
[edublink.react.devsblink.com/course-style-5.html]
[edublink.react.devsblink.com/course-details.html]
[edublink.react.devsblink.com/course-details-2.html]
[edublink.react.devsblink.com/course-details-3.html]
[edublink.react.devsblink.com/blog-standard.html]
[edublink.react.devsblink.com/blog-masonry.html]
[edublink.react.devsblink.com/blog-list.html]
[edublink.react.devsblink.com/blog-details.html]
[edublink.react.devsblink.com/contact-us.html]
[edublink.react.devsblink.com/contact-me.html]
[edublink.react.devsblink.com/assets/images/about/shape-13.png]
[edublink.react.devsblink.com/assets/images/banner/girl-1.webp]
[edublink.react.devsblink.com/assets/images/banner/author-1.png]
[edublink.react.devsblink.com/assets/images/about/shape-15.png]
[edublink.react.devsblink.com/assets/images/about/shape-16.png]
[edublink.react.devsblink.com/assets/images/counterup/shape-02.png]
[edublink.react.devsblink.com/assets/images/about/shape-18.png]
[edublink.react.devsblink.com/assets/images/about/h-1-shape-01.png]
[edublink.react.devsblink.com/assets/images/about/about-01.webp]
[edublink.react.devsblink.com/assets/images/about/about-02.webp]
[edublink.react.devsblink.com/assets/images/about/shape-36.png]
[edublink.react.devsblink.com/assets/images/about/shape-37.png]
[edublink.react.devsblink.com/assets/images/about/shape-02.png]
[edublink.react.devsblink.com/course-details/1.html]
[edublink.react.devsblink.com/assets/images/course/course-01/course-01.jpg]
[edublink.react.devsblink.com/course-details/2.html]
[edublink.react.devsblink.com/assets/images/course/course-01/course-02.jpg]
[edublink.react.devsblink.com/course-details/3.html]
[edublink.react.devsblink.com/assets/images/course/course-01/course-03.jpg]
[edublink.react.devsblink.com/course-details/4.html]
[edublink.react.devsblink.com/assets/images/course/course-01/course-04.jpg]
[edublink.react.devsblink.com/assets/images/counterup/shape-04.png]
[edublink.react.devsblink.com/assets/images/counterup/shape-05.png]
[edublink.react.devsblink.com/assets/images/testimonial/testimonial-01.png]
[edublink.react.devsblink.com/assets/images/testimonial/testimonial-02.png]
[edublink.react.devsblink.com/assets/images/testimonial/testimonial-03.png]
[edublink.react.devsblink.com/assets/images/testimonial/testimonial-04.png]
[edublink.react.devsblink.com/assets/images/cta/shape-06.png]
[edublink.react.devsblink.com/assets/images/cta/shape-12.png]
[edublink.react.devsblink.com/assets/images/cta/shape-04.png]
[edublink.react.devsblink.com/team-details/1.html]
[edublink.react.devsblink.com/assets/images/team/team-01/team-01.webp]
[edublink.react.devsblink.com/team-details/2.html]
[edublink.react.devsblink.com/assets/images/team/team-01/team-02.webp]
[edublink.react.devsblink.com/team-details/3.html]
[edublink.react.devsblink.com/assets/images/team/team-01/team-03.webp]
[edublink.react.devsblink.com/team-details/4.html]
[edublink.react.devsblink.com/assets/images/team/team-01/team-04.webp]
[edublink.react.devsblink.com/assets/images/cta/shape-10.png]
[edublink.react.devsblink.com/assets/images/cta/shape-09.png]
[edublink.react.devsblink.com/assets/images/cta/shape-08.png]
[edublink.react.devsblink.com/assets/images/brand/brand-01.png]
[edublink.react.devsblink.com/assets/images/brand/brand-02.png]
[edublink.react.devsblink.com/assets/images/brand/brand-03.png]
[edublink.react.devsblink.com/assets/images/brand/brand-04.png]
[edublink.react.devsblink.com/assets/images/brand/brand-05.png]
[edublink.react.devsblink.com/assets/images/brand/brand-06.png]
[edublink.react.devsblink.com/assets/images/brand/brand-07.png]
[edublink.react.devsblink.com/assets/images/brand/brand-08.png]
[edublink.react.devsblink.com/blog-details/1.html]
[edublink.react.devsblink.com/assets/images/blog/blog-01.jpg]
[edublink.react.devsblink.com/blog-details/2.html]
[edublink.react.devsblink.com/assets/images/blog/blog-02.jpg]
[edublink.react.devsblink.com/blog-details/3.html]
[edublink.react.devsblink.com/assets/images/blog/blog-03.jpg]
[edublink.react.devsblink.com/index.html]
[edublink.react.devsblink.com/_next/static/media/icomoon.ac537e11.eot]
[edublink.react.devsblink.com/_next/static/media/icomoon.fc03d0c4.ttf]
[edublink.react.devsblink.com/_next/static/media/icomoon.844442fb.woff]
[edublink.react.devsblink.com/_next/static/media/icomoon.b525ea0d.svg]
[edublink.react.devsblink.com/_next/static/media/remixicon.5400338c.woff2]
[edublink.react.devsblink.com/_next/static/media/remixicon.f12fd1a0.eot]
[edublink.react.devsblink.com/_next/static/media/remixicon.1e0fb76b.woff]
[edublink.react.devsblink.com/_next/static/media/remixicon.e313410c.ttf]
[edublink.react.devsblink.com/_next/static/media/bg-image-1.4bfc2d94.png]
[edublink.react.devsblink.com/_next/static/media/remixicon.332b9658.svg]
[edublink.react.devsblink.com/_next/static/media/bg-image-2.f6395b54.jpg]
[edublink.react.devsblink.com/_next/static/media/bg-image-9.be922df3.png]
[edublink.react.devsblink.com/_next/static/media/bg-image-14.ecb3fee6.jpg]
[edublink.react.devsblink.com/_next/static/media/bg-image-17.7c72d192.webp]
[edublink.react.devsblink.com/_next/static/media/bg-image-19.14af3d66.webp]
[edublink.react.devsblink.com/_next/static/media/bg-image-21.5f92c0c4.webp]
[edublink.react.devsblink.com/_next/static/media/arrow-icon.cfde043c.png]
[edublink.react.devsblink.com/_next/static/media/bg-image-3.37822549.webp]
[edublink.react.devsblink.com/_next/static/media/shape-32.60cf196e.png]
[edublink.react.devsblink.com/_next/static/media/bg-image-20.da9b956c.svg]
[edublink.react.devsblink.com/_next/static/media/bg-image-37.eec28e8a.webp]
[edublink.react.devsblink.com/_next/static/media/cta.dd0b4ce9.svg]
[edublink.react.devsblink.com/_next/static/media/bg-image-4.4ade5bbe.svg]
[edublink.react.devsblink.com/_next/static/media/bg-image-33.87203de6.webp]
[edublink.react.devsblink.com/_next/static/media/h-4-cta-compressed.15874f55.webp]
[edublink.react.devsblink.com/_next/static/media/h-4-cta.20e79761.svg]
[edublink.react.devsblink.com/_next/static/media/cta-bg-imgae-07.64dfe76b.png]
[edublink.react.devsblink.com/_next/static/media/bg-image-4.8091b904.webp]
[edublink.react.devsblink.com/_next/static/media/mask-06.5921acef.png]
[edublink.react.devsblink.com/_next/static/media/bg-image-6.fedc2351.svg]
[edublink.react.devsblink.com/_next/static/media/mask-05.1946d8e4.png]
[edublink.react.devsblink.com/_next/static/media/bg-image-5.87b20c8f.svg]
[edublink.react.devsblink.com/_next/static/media/bg-image-10.500861f4.webp]
[edublink.react.devsblink.com/_next/static/media/mask-09.6b0e2adb.png]
[edublink.react.devsblink.com/_next/static/media/map-shape-1.bfd7195f.png]
[edublink.react.devsblink.com/_next/static/media/mask-08.db40cf25.png]
[edublink.react.devsblink.com/_next/static/media/mask-07.da89073e.png]
[edublink.react.devsblink.com/_next/static/media/bg-image-27.b55ead22.png]
[edublink.react.devsblink.com/_next/static/media/BG-1.b206f502.webp]
[edublink.react.devsblink.com/_next/static/media/bg-image-1.7f8b635e.svg]
[edublink.react.devsblink.com/_next/static/media/mask-01.dc985a4e.png]
[edublink.react.devsblink.com/_next/static/media/bg-image-18.c136e625.webp]
[edublink.react.devsblink.com/_next/static/media/mask-02.e850ff76.webp]
[edublink.react.devsblink.com/_next/static/media/mask-03.e241f2bc.webp]
[edublink.react.devsblink.com/_next/static/media/courses.172f71e9.png]
[edublink.react.devsblink.com/_next/static/media/preview-course-bg.26b4082f.jpg]
[edublink.react.devsblink.com/_next/static/media/bg-image-24.dd447a09.jpg]
[edublink.react.devsblink.com/_next/static/media/bg-image-25.1750cc0c.jpg]
[edublink.react.devsblink.com/_next/static/media/inner-demo.51fa1a13.png]
[edublink.react.devsblink.com/_next/static/media/bg-image-29.842d5413.png]
[edublink.react.devsblink.com/_next/static/media/mask-04.cbf2a27b.png]
[edublink.react.devsblink.com/_next/static/media/shape-1.3c0e4c2c.png]
[edublink.react.devsblink.com/_next/static/media/bg-image-13.919f26a4.png]
[edublink.react.devsblink.com/_next/static/media/bg-image-22.5a49812c.png]
[edublink.react.devsblink.com/_next/static/media/bg-image-32.ff4a7f61.webp]
[edublink.react.devsblink.com/_next/static/media/wave-banner.a34b2c4f.svg]
[edublink.react.devsblink.com/_next/static/media/features-bg-1.4c5fc6e9.svg]
[edublink.react.devsblink.com/_next/static/media/features-bg-2.858fcf22.svg]
[edublink.react.devsblink.com/_next/static/media/features-bg-3.256c42cb.svg]
[edublink.react.devsblink.com/_next/static/media/features-bg-4.0b592222.svg]
[edublink.react.devsblink.com/_next/static/media/testimonial-wave-bg.dde9ceec.png]
[edublink.react.devsblink.com/_next/static/media/bg-image-35.9aa4907e.webp]
[edublink.react.devsblink.com/_next/static/media/bg-image-38.d2df8f4b.webp]
[edublink.react.devsblink.com/_next/static/media/bg-image-36.5c6f4b06.webp]
[edublink.react.devsblink.com/_next/static/media/cta-banner-remote.e7f258b2.webp]
[edublink.react.devsblink.com/_next/static/media/shape-19.f8235bc1.png]
[edublink.react.devsblink.com/_next/static/media/shape-20.0eec1995.png]
[edublink.react.devsblink.com/_next/static/media/BG-3.a47b2fbe.webp]
[edublink.react.devsblink.com/_next/static/media/bg-image-3.f25a0f5e.svg]
[edublink.react.devsblink.com/_next/static/media/shape-01.494bbc80.png]
[edublink.react.devsblink.com/_next/static/media/bg-image-2.f246185c.svg]
[edublink.react.devsblink.com/_next/static/media/shape-21.9cea4ec8.png]
[edublink.react.devsblink.com/_next/static/media/dark-bg-image-20.07f2e95f.svg]
[edublink.react.devsblink.com/_next/static/media/dark-shape-21.1c628314.png]
[edublink.react.devsblink.com/_next/static/media/dark-bg-image-27.7143c555.png]
[edublink.react.devsblink.com/_next/static/media/dark-bg-imgae-26.60bccc01.png]
[edublink.react.devsblink.com/_next/static/media/Down-Arrow.884e997f.png]
[edublink.react.devsblink.com/_next/static/css/d71c54f46aa32c51.css]
[edublink.react.devsblink.com/_next/static/chunks/c7bee1d7-070d3dcdcb8eadda.js]
[edublink.react.devsblink.com/_next/static/chunks/551-d917e703ff5da8c1.js]
[edublink.react.devsblink.com/_next/static/chunks/6433-3d17a2e33c613913.js]
[edublink.react.devsblink.com/_next/static/chunks/pages/sign-in-155db015e26b0197.js]
[edublink.react.devsblink.com/assets/images/about/shape-07.png]
[edublink.react.devsblink.com/sign-in.html]
[edublink.react.devsblink.com/_next/static/chunks/pages/course-style-1-1f4ee777482206b8.js]
[edublink.react.devsblink.com/course-details/5.html]
[edublink.react.devsblink.com/assets/images/course/course-01/course-05.jpg]
[edublink.react.devsblink.com/course-details/6.html]
[edublink.react.devsblink.com/assets/images/course/course-01/course-06.jpg]
[edublink.react.devsblink.com/course-details/7.html]
[edublink.react.devsblink.com/assets/images/course/course-01/course-07.jpg]
[edublink.react.devsblink.com/course-details/8.html]
[edublink.react.devsblink.com/assets/images/course/course-01/course-08.jpg]
[edublink.react.devsblink.com/course-style-1.html]
[edublink.react.devsblink.com/_next/static/chunks/pages/home-distant-learning-e46907736ad07982.js]
[edublink.react.devsblink.com/assets/images/banner/girl-2.webp]
[edublink.react.devsblink.com/assets/images/banner/man-1.webp]
[edublink.react.devsblink.com/assets/images/faq/shape-13.png]
[edublink.react.devsblink.com/assets/images/faq/dark-shape-13.png]
[edublink.react.devsblink.com/assets/images/faq/shape-12.png]
[edublink.react.devsblink.com/assets/images/faq/shape-09.png]
[edublink.react.devsblink.com/assets/images/faq/dark-shape-09.png]
[edublink.react.devsblink.com/assets/images/about/about-03.webp]
[edublink.react.devsblink.com/assets/images/about/shape-03.png]
[edublink.react.devsblink.com/assets/images/about/shape-38.png]
[edublink.react.devsblink.com/assets/images/about/shape-04.png]
[edublink.react.devsblink.com/assets/images/course/course-02/course-01.jpg]
[edublink.react.devsblink.com/assets/images/course/course-02/course-02.jpg]
[edublink.react.devsblink.com/assets/images/course/course-02/course-03.jpg]
[edublink.react.devsblink.com/assets/images/others/video-01.jpg]
[edublink.react.devsblink.com/assets/images/faq/shape-04.png]
[edublink.react.devsblink.com/assets/images/faq/shape-14.png]
[edublink.react.devsblink.com/assets/images/faq/dark-shape-14.png]
[edublink.react.devsblink.com/assets/images/about/shape-41.png]
[edublink.react.devsblink.com/assets/images/about/dark-shape-41.png]
[edublink.react.devsblink.com/assets/images/faq/faq-01.jpg]
[edublink.react.devsblink.com/assets/images/faq/faq-02.jpg]
[edublink.react.devsblink.com/assets/images/faq/faq-03.jpg]
[edublink.react.devsblink.com/assets/images/faq/faq-04.webp]
[edublink.react.devsblink.com/assets/images/faq/shape-02.png]
[edublink.react.devsblink.com/assets/images/faq/dark-shape-02.png]
[edublink.react.devsblink.com/assets/images/faq/shape-03.png]
[edublink.react.devsblink.com/assets/images/faq/shape-05.png]
[edublink.react.devsblink.com/assets/images/about/shape-25.png]
[edublink.react.devsblink.com/home-distant-learning.html]
[edublink.react.devsblink.com/_next/static/chunks/3913-cc65c680c8d5d446.js]
[edublink.react.devsblink.com/_next/static/chunks/pages/home-university-927d47cb0c76810e.js]
[edublink.react.devsblink.com/assets/images/logo/logo-dark-2.png]
[edublink.react.devsblink.com/assets/images/logo/logo-light-2.png]
[edublink.react.devsblink.com/assets/images/bg/bg-image-17.webp]
[edublink.react.devsblink.com/assets/images/bg/bg-image-28.webp]
[edublink.react.devsblink.com/assets/images/bg/bg-image-26.webp]
[edublink.react.devsblink.com/assets/images/others/shape-10.png]
[edublink.react.devsblink.com/assets/images/others/shape-11.png]
[edublink.react.devsblink.com/assets/images/others/shape-25.png]
[edublink.react.devsblink.com/assets/images/about/about-04.webp]
[edublink.react.devsblink.com/assets/images/about/about-05.webp]
[edublink.react.devsblink.com/assets/images/about/shape-39.png]
[edublink.react.devsblink.com/assets/images/course/course-04/course-07.jpg]
[edublink.react.devsblink.com/assets/images/course/course-04/course-08.jpg]
[edublink.react.devsblink.com/course-details/9.html]
[edublink.react.devsblink.com/assets/images/course/course-04/course-09.jpg]
[edublink.react.devsblink.com/assets/images/others/map-shape-3.png]
[edublink.react.devsblink.com/assets/images/others/3-Home-1.png]
[edublink.react.devsblink.com/assets/images/others/dark-map-shape-3.png]
[edublink.react.devsblink.com/assets/images/others/campus-01.webp]
[edublink.react.devsblink.com/assets/images/about/shape-21.png]
[edublink.react.devsblink.com/assets/images/testimonial/logo-01.png]
[edublink.react.devsblink.com/assets/images/testimonial/logo-02.png]
[edublink.react.devsblink.com/assets/images/testimonial/logo-03.png]
[edublink.react.devsblink.com/assets/images/about/shape-30.png]
[edublink.react.devsblink.com/assets/images/others/dark-map-2-shape-3.png]
[edublink.react.devsblink.com/event-details/1.html]
[edublink.react.devsblink.com/assets/images/event/event-01.jpg]
[edublink.react.devsblink.com/event-details/2.html]
[edublink.react.devsblink.com/assets/images/event/event-02.jpg]
[edublink.react.devsblink.com/event-details/3.html]
[edublink.react.devsblink.com/assets/images/event/event-03.jpg]
[edublink.react.devsblink.com/home-university.html]
[edublink.react.devsblink.com/_next/static/chunks/pages/home-online-academy-49c5599455d38ea2.js]
[edublink.react.devsblink.com/assets/images/banner/girl-4.jpg]
[edublink.react.devsblink.com/assets/images/banner/girl-5.jpg]
[edublink.react.devsblink.com/assets/images/banner/girl-6.jpg]
[edublink.react.devsblink.com/assets/images/others/shape-17.png]
[edublink.react.devsblink.com/assets/images/banner/shape-03.png]
[edublink.react.devsblink.com/assets/images/others/shape-15.png]
[edublink.react.devsblink.com/assets/images/others/shape-16.png]
[edublink.react.devsblink.com/assets/images/course/course-03/course-01.jpg]
[edublink.react.devsblink.com/assets/images/course/course-03/course-02.jpg]
[edublink.react.devsblink.com/assets/images/course/course-03/course-03.jpg]
[edublink.react.devsblink.com/assets/images/course/course-03/course-04.jpg]
[edublink.react.devsblink.com/assets/images/team/team-02/team-01.webp]
[edublink.react.devsblink.com/assets/images/team/team-02/team-02.webp]
[edublink.react.devsblink.com/assets/images/team/team-02/team-03.webp]
[edublink.react.devsblink.com/assets/images/faq/faq-05.jpg]
[edublink.react.devsblink.com/assets/images/faq/faq-06.jpg]
[edublink.react.devsblink.com/assets/images/faq/shape-06.png]
[edublink.react.devsblink.com/assets/images/faq/shape-16.png]
[edublink.react.devsblink.com/assets/images/faq/shape-08.png]
[edublink.react.devsblink.com/blog-details/4.html]
[edublink.react.devsblink.com/assets/images/blog/blog-04.jpg]
[edublink.react.devsblink.com/blog-details/5.html]
[edublink.react.devsblink.com/assets/images/blog/blog-05.jpg]
[edublink.react.devsblink.com/blog-details/6.html]
[edublink.react.devsblink.com/assets/images/blog/blog-06.jpg]
[edublink.react.devsblink.com/blog-details/7.html]
[edublink.react.devsblink.com/assets/images/blog/blog-10.jpg]
[edublink.react.devsblink.com/home-online-academy.html]
[edublink.react.devsblink.com/_next/static/chunks/pages/home-kitchen-31f5f4aa3716b727.js]
[edublink.react.devsblink.com/assets/images/banner/couple-cooking.webp]
[edublink.react.devsblink.com/assets/images/about/shape-26.png]
[edublink.react.devsblink.com/assets/images/others/shape-05.png]
[edublink.react.devsblink.com/assets/images/others/shape-04.png]
[edublink.react.devsblink.com/assets/images/others/shape-03.png]
[edublink.react.devsblink.com/assets/images/others/shape-02.png]
[edublink.react.devsblink.com/assets/images/others/shape-01.png]
[edublink.react.devsblink.com/assets/images/about/about-06.webp]
[edublink.react.devsblink.com/assets/images/about/about-07.webp]
[edublink.react.devsblink.com/assets/images/brand/brand-09.png]
[edublink.react.devsblink.com/assets/images/brand/brand-10.png]
[edublink.react.devsblink.com/assets/images/brand/brand-11.png]
[edublink.react.devsblink.com/assets/images/brand/brand-12.png]
[edublink.react.devsblink.com/assets/images/brand/brand-13.png]
[edublink.react.devsblink.com/course-details/14.html]
[edublink.react.devsblink.com/assets/images/course/course-04/course-14.jpg]
[edublink.react.devsblink.com/course-details/15.html]
[edublink.react.devsblink.com/assets/images/course/course-04/course-15.jpg]
[edublink.react.devsblink.com/course-details/16.html]
[edublink.react.devsblink.com/assets/images/course/course-04/course-16.jpg]
[edublink.react.devsblink.com/assets/images/others/dark-map-2.png]
[edublink.react.devsblink.com/assets/images/others/shape-26.png]
[edublink.react.devsblink.com/assets/images/faq/faq-07.jpg]
[edublink.react.devsblink.com/assets/images/faq/shape-10.png]
[edublink.react.devsblink.com/assets/images/others/dark-map-shape.png]
[edublink.react.devsblink.com/blog-details/8.html]
[edublink.react.devsblink.com/assets/images/blog/blog-11.jpg]
[edublink.react.devsblink.com/blog-details/9.html]
[edublink.react.devsblink.com/assets/images/blog/blog-12.jpg]
[edublink.react.devsblink.com/blog-details/10.html]
[edublink.react.devsblink.com/assets/images/blog/blog-13.jpg]
[edublink.react.devsblink.com/assets/images/instagram/instagram-01.webp]
[edublink.react.devsblink.com/assets/images/instagram/instagram-02.webp]
[edublink.react.devsblink.com/assets/images/instagram/instagram-03.webp]
[edublink.react.devsblink.com/assets/images/instagram/instagram-04.webp]
[edublink.react.devsblink.com/assets/images/instagram/instagram-05.webp]
[edublink.react.devsblink.com/assets/images/instagram/instagram-06.webp]
[edublink.react.devsblink.com/assets/images/others/shape-01-01.png]
[edublink.react.devsblink.com/assets/images/others/shape-02-01.png]
[edublink.react.devsblink.com/assets/images/others/shape-03-01.png]
[edublink.react.devsblink.com/assets/images/others/shape-04-01.png]
[edublink.react.devsblink.com/assets/images/others/shape-05-01.png]
[edublink.react.devsblink.com/home-kitchen.html]
[edublink.react.devsblink.com/_next/static/chunks/5001-7d326a6a73a7a788.js]
[edublink.react.devsblink.com/_next/static/chunks/pages/home-yoga-instructor-7a85b10790ec741d.js]
[edublink.react.devsblink.com/assets/images/banner/girl-3.webp]
[edublink.react.devsblink.com/assets/images/about/shape-27.png]
[edublink.react.devsblink.com/assets/images/about/shape-28.png]
[edublink.react.devsblink.com/assets/images/about/shape-10.png]
[edublink.react.devsblink.com/assets/images/about/shape-29.png]
[edublink.react.devsblink.com/assets/images/others/shape-12.png]
[edublink.react.devsblink.com/assets/images/others/shape-13.png]
[edublink.react.devsblink.com/assets/images/others/shape-14.png]
[edublink.react.devsblink.com/assets/images/about/about-08.webp]
[edublink.react.devsblink.com/assets/images/about/shape-09.png]
[edublink.react.devsblink.com/assets/images/about/shape-20.png]
[edublink.react.devsblink.com/assets/images/about/dark-shape-20.png]
[edublink.react.devsblink.com/course-details/20.html]
[edublink.react.devsblink.com/assets/images/course/course-05/course-20.jpg]
[edublink.react.devsblink.com/course-details/21.html]
[edublink.react.devsblink.com/assets/images/course/course-05/course-21.jpg]
[edublink.react.devsblink.com/course-details/22.html]
[edublink.react.devsblink.com/assets/images/course/course-05/course-22.jpg]
[edublink.react.devsblink.com/course-details/23.html]
[edublink.react.devsblink.com/assets/images/course/course-05/course-23.jpg]
[edublink.react.devsblink.com/assets/images/others/why-choose-01.webp]
[edublink.react.devsblink.com/assets/images/others/why-choose-02.webp]
[edublink.react.devsblink.com/assets/images/about/shape-14.png]
[edublink.react.devsblink.com/assets/images/team/yoga-instructor/team-01.webp]
[edublink.react.devsblink.com/assets/images/team/yoga-instructor/team-02.webp]
[edublink.react.devsblink.com/assets/images/team/yoga-instructor/team-03.webp]
[edublink.react.devsblink.com/assets/images/others/video-02.jpg]
[edublink.react.devsblink.com/assets/images/about/shape-31.png]
[edublink.react.devsblink.com/assets/images/others/shape-18.png]
[edublink.react.devsblink.com/assets/images/instagram/instagram-07.webp]
[edublink.react.devsblink.com/assets/images/instagram/instagram-08.webp]
[edublink.react.devsblink.com/assets/images/instagram/instagram-09.webp]
[edublink.react.devsblink.com/assets/images/instagram/instagram-10.webp]
[edublink.react.devsblink.com/assets/images/instagram/instagram-11.webp]
[edublink.react.devsblink.com/assets/images/instagram/instagram-12.webp]
[edublink.react.devsblink.com/assets/images/others/shape-06.png]
[edublink.react.devsblink.com/assets/images/others/shape-07.png]
[edublink.react.devsblink.com/assets/images/others/shape-08.png]
[edublink.react.devsblink.com/assets/images/others/shape-09.png]
[edublink.react.devsblink.com/home-yoga-instructor.html]
[edublink.react.devsblink.com/_next/static/chunks/pages/home-kindergarten-7320c25da1ffbc78.js]
[edublink.react.devsblink.com/assets/images/banner/kid-3.webp]
[edublink.react.devsblink.com/assets/images/banner/kid-4.webp]
[edublink.react.devsblink.com/assets/images/banner/icon-3.png]
[edublink.react.devsblink.com/assets/images/banner/icon-1.png]
[edublink.react.devsblink.com/assets/images/banner/icon-5.png]
[edublink.react.devsblink.com/assets/images/banner/icon-2.png]
[edublink.react.devsblink.com/assets/images/banner/icon-4.png]
[edublink.react.devsblink.com/assets/images/about/about-09.png]
[edublink.react.devsblink.com/assets/images/about/about-10.png]
[edublink.react.devsblink.com/assets/images/about/shape-11.png]
[edublink.react.devsblink.com/assets/images/about/shape-12.png]
[edublink.react.devsblink.com/course-details/26.html]
[edublink.react.devsblink.com/assets/images/course/course-04/course-26.jpg]
[edublink.react.devsblink.com/course-details/27.html]
[edublink.react.devsblink.com/assets/images/course/course-04/course-27.jpg]
[edublink.react.devsblink.com/course-details/28.html]
[edublink.react.devsblink.com/assets/images/course/course-04/course-28.jpg]
[edublink.react.devsblink.com/assets/images/faq/faq-08.webp]
[edublink.react.devsblink.com/assets/images/faq/shape-15.png]
[edublink.react.devsblink.com/event-details/4.html]
[edublink.react.devsblink.com/assets/images/event/event-04.jpg]
[edublink.react.devsblink.com/event-details/5.html]
[edublink.react.devsblink.com/assets/images/event/event-05.jpg]
[edublink.react.devsblink.com/event-details/6.html]
[edublink.react.devsblink.com/assets/images/event/event-06.jpg]
[edublink.react.devsblink.com/event-details/7.html]
[edublink.react.devsblink.com/assets/images/event/event-07.jpg]
[edublink.react.devsblink.com/blog-details/11.html]
[edublink.react.devsblink.com/assets/images/blog/blog-07.jpg]
[edublink.react.devsblink.com/blog-details/12.html]
[edublink.react.devsblink.com/assets/images/blog/blog-08.jpg]
[edublink.react.devsblink.com/blog-details/13.html]
[edublink.react.devsblink.com/assets/images/blog/blog-09.jpg]
[edublink.react.devsblink.com/assets/images/banner/kid-1.webp]
[edublink.react.devsblink.com/assets/images/banner/kid-2.webp]
[edublink.react.devsblink.com/home-kindergarten.html]
[edublink.react.devsblink.com/_next/static/chunks/pages/home-modern-schooling-ace2ad6079eef882.js]
[edublink.react.devsblink.com/assets/images/banner/home8-vactor-bg.webp]
[edublink.react.devsblink.com/assets/images/others/shape-30.png]
[edublink.react.devsblink.com/assets/images/others/shape-31.png]
[edublink.react.devsblink.com/assets/images/others/shape-32.png]
[edublink.react.devsblink.com/assets/images/course/course-03/course-05.jpg]
[edublink.react.devsblink.com/assets/images/course/course-03/course-06.jpg]
[edublink.react.devsblink.com/assets/images/others/faq-5.webp]
[edublink.react.devsblink.com/assets/images/faq/shape-35.png]
[edublink.react.devsblink.com/assets/images/faq/shape-36.png]
[edublink.react.devsblink.com/assets/images/faq/shape-34.png]
[edublink.react.devsblink.com/assets/images/testimonial/testimonial-05.png]
[edublink.react.devsblink.com/assets/images/testimonial/testimonial-06.png]
[edublink.react.devsblink.com/assets/images/testimonial/testimonial-07.png]
[edublink.react.devsblink.com/assets/images/cta/cta-girl-bg.webp]
[edublink.react.devsblink.com/assets/images/cta/shape-43.png]
[edublink.react.devsblink.com/assets/images/cta/shape-42.png]
[edublink.react.devsblink.com/assets/images/cta/shape-40.png]
[edublink.react.devsblink.com/assets/images/cta/shape-38.png]
[edublink.react.devsblink.com/assets/images/cta/shape-39.png]
[edublink.react.devsblink.com/assets/images/cta/cta-round.svg]
[edublink.react.devsblink.com/blog-details/14.html]
[edublink.react.devsblink.com/assets/images/blog/blog-32.jpg]
[edublink.react.devsblink.com/blog-details/15.html]
[edublink.react.devsblink.com/assets/images/blog/blog-33.jpg]
[edublink.react.devsblink.com/blog-details/16.html]
[edublink.react.devsblink.com/assets/images/blog/blog-34.jpg]
[edublink.react.devsblink.com/blog-details/17.html]
[edublink.react.devsblink.com/assets/images/blog/blog-35.jpg]
[edublink.react.devsblink.com/home-modern-schooling.html]
[edublink.react.devsblink.com/_next/static/chunks/pages/landing-demo-2fb07a251e6ba8b0.js]
[edublink.react.devsblink.com/assets/images/preview/banner-thumb1.jpg]
[edublink.react.devsblink.com/assets/images/preview/banner-thumb2.jpg]
[edublink.react.devsblink.com/assets/images/preview/banner-thumb3.jpg]
[edublink.react.devsblink.com/assets/images/preview/banner-thumb4.jpg]
[edublink.react.devsblink.com/assets/images/preview/banner-thumb5.jpg]
[edublink.react.devsblink.com/assets/images/preview/home-01.jpg]
[edublink.react.devsblink.com/assets/images/preview/home-02.jpg]
[edublink.react.devsblink.com/assets/images/preview/home-03.jpg]
[edublink.react.devsblink.com/assets/images/preview/home-04.jpg]
[edublink.react.devsblink.com/assets/images/preview/home-modern-schooling.jpg]
[edublink.react.devsblink.com/assets/images/preview/home-05.jpg]
[edublink.react.devsblink.com/assets/images/preview/home-06.jpg]
[edublink.react.devsblink.com/assets/images/preview/home-07.jpg]
[edublink.react.devsblink.com/assets/images/preview/coming-soon.png]
[edublink.react.devsblink.com/assets/images/preview/course-details.png]
[edublink.react.devsblink.com/assets/images/preview/instructor.png]
[edublink.react.devsblink.com/assets/images/preview/shop-demo-main.png]
[edublink.react.devsblink.com/assets/images/preview/shop-demo-left.png]
[edublink.react.devsblink.com/assets/images/preview/shop-demo-right.png]
[edublink.react.devsblink.com/assets/images/preview/icon-14.png]
[edublink.react.devsblink.com/assets/images/preview/icon-15.png]
[edublink.react.devsblink.com/assets/images/preview/icon-16.png]
[edublink.react.devsblink.com/assets/images/preview/icon-20.png]
[edublink.react.devsblink.com/assets/images/preview/icon-17.png]
[edublink.react.devsblink.com/assets/images/preview/icon-18.png]
[edublink.react.devsblink.com/assets/images/preview/icon-19.png]
[edublink.react.devsblink.com/assets/images/preview/icon-21.png]
[edublink.react.devsblink.com/assets/images/preview/icon-22.png]
[edublink.react.devsblink.com/assets/images/preview/icon-23.png]
[edublink.react.devsblink.com/assets/images/preview/icon-24.png]
[edublink.react.devsblink.com/assets/images/preview/icon-26.png]
[edublink.react.devsblink.com/assets/images/preview/icon-27.png]
[edublink.react.devsblink.com/assets/images/preview/icon-28.png]
[edublink.react.devsblink.com/assets/images/preview/icon-29.png]
[edublink.react.devsblink.com/assets/images/counterup/shape-03.png]
[edublink.react.devsblink.com/assets/images/about/shape-35.png]
[edublink.react.devsblink.com/landing-demo.html]
[edublink.react.devsblink.com/_next/static/chunks/pages/about-1-8dcaced17bf43fee.js]
[edublink.react.devsblink.com/assets/images/about/about-11.webp]
[edublink.react.devsblink.com/assets/images/about/about-12.webp]
[edublink.react.devsblink.com/assets/images/about/shape-40.png]
[edublink.react.devsblink.com/about-1.html]
[edublink.react.devsblink.com/_next/static/chunks/pages/about-2-80dbcb28026804ed.js]
[edublink.react.devsblink.com/about-2.html]
[edublink.react.devsblink.com/_next/static/chunks/pages/about-3-01de2cdd668e0e5e.js]
[edublink.react.devsblink.com/assets/images/about/about-13.webp]
[edublink.react.devsblink.com/assets/images/about/about-15.webp]
[edublink.react.devsblink.com/assets/images/about/about-14.webp]
[edublink.react.devsblink.com/assets/images/about/about-16.webp]
[edublink.react.devsblink.com/assets/images/about/shape-33.png]
[edublink.react.devsblink.com/assets/images/others/shape-27.png]
[edublink.react.devsblink.com/assets/images/others/why-choose-03.jpg]
[edublink.react.devsblink.com/assets/images/others/why-choose-04.jpg]
[edublink.react.devsblink.com/assets/images/others/why-choose-05.jpg]
[edublink.react.devsblink.com/assets/images/others/video-03.webp]
[edublink.react.devsblink.com/about-3.html]
[edublink.react.devsblink.com/_next/static/chunks/pages/team-1-b5df15df65f3e207.js]
[edublink.react.devsblink.com/assets/images/team/team-02/team-04.webp]
[edublink.react.devsblink.com/team-details/5.html]
[edublink.react.devsblink.com/assets/images/team/team-02/team-05.webp]
[edublink.react.devsblink.com/team-details/6.html]
[edublink.react.devsblink.com/assets/images/team/team-02/team-06.webp]
[edublink.react.devsblink.com/team-1.html]
[edublink.react.devsblink.com/_next/static/chunks/pages/team-2-61a1e32a5a304d71.js]
[edublink.react.devsblink.com/assets/images/team/team-01/team-05.webp]
[edublink.react.devsblink.com/assets/images/team/team-01/team-06.webp]
[edublink.react.devsblink.com/team-details/7.html]
[edublink.react.devsblink.com/assets/images/team/team-01/team-07.webp]
[edublink.react.devsblink.com/team-details/8.html]
[edublink.react.devsblink.com/assets/images/team/team-01/team-08.webp]
[edublink.react.devsblink.com/team-2.html]
[edublink.react.devsblink.com/team-3.html]
[edublink.react.devsblink.com/_next/static/chunks/pages/team-3-4e89269a89264d8b.js]
[edublink.react.devsblink.com/_next/static/chunks/7390-6af9720085236103.js]
[edublink.react.devsblink.com/_next/static/chunks/pages/team-details-d872979af2025be6.js]
[edublink.react.devsblink.com/course-details/13.html]
[edublink.react.devsblink.com/assets/images/course/course-01/course-13.jpg]
[edublink.react.devsblink.com/course-details/19.html]
[edublink.react.devsblink.com/assets/images/course/course-01/course-19.jpg]
[edublink.react.devsblink.com/course-details/24.html]
[edublink.react.devsblink.com/assets/images/course/course-01/course-24.jpg]
[edublink.react.devsblink.com/course-details/25.html]
[edublink.react.devsblink.com/assets/images/course/course-01/course-25.jpg]
[edublink.react.devsblink.com/assets/images/course/course-01/course-26.jpg]
[edublink.react.devsblink.com/course-details/31.html]
[edublink.react.devsblink.com/assets/images/course/course-01/course-31.jpg]
[edublink.react.devsblink.com/team-details.html]
[edublink.react.devsblink.com/pricing-table.html]
[edublink.react.devsblink.com/_next/static/chunks/pages/pricing-table-0a25e1fdb5c89864.js]
[edublink.react.devsblink.com/_next/static/chunks/2879-0c02f4f161ed1c48.js]
[edublink.react.devsblink.com/_next/static/chunks/pages/gallery-grid-88917df06ce1fd28.js]
[edublink.react.devsblink.com/assets/images/gallery/gallery-01.jpg]
[edublink.react.devsblink.com/assets/images/gallery/gallery-03.jpg]
[edublink.react.devsblink.com/assets/images/gallery/gallery-05.jpg]
[edublink.react.devsblink.com/assets/images/gallery/gallery-02.jpg]
[edublink.react.devsblink.com/assets/images/gallery/gallery-04.jpg]
[edublink.react.devsblink.com/assets/images/gallery/gallery-07.jpg]
[edublink.react.devsblink.com/assets/images/gallery/gallery-09.jpg]
[edublink.react.devsblink.com/assets/images/gallery/gallery-06.jpg]
[edublink.react.devsblink.com/assets/images/gallery/gallery-08.jpg]
[edublink.react.devsblink.com/gallery-grid.html]
[edublink.react.devsblink.com/_next/static/chunks/pages/gallery-masonry-32645df2464c17d7.js]
[edublink.react.devsblink.com/assets/images/gallery/gallery-10.jpg]
[edublink.react.devsblink.com/assets/images/gallery/gallery-11.jpg]
[edublink.react.devsblink.com/gallery-masonry.html]
[edublink.react.devsblink.com/_next/static/chunks/1358-54692168802debcf.js]
[edublink.react.devsblink.com/_next/static/chunks/pages/event-grid-97854955f7cb494e.js]
[edublink.react.devsblink.com/event-grid.html]
[edublink.react.devsblink.com/_next/static/chunks/pages/event-list-30af16835253a983.js]
[edublink.react.devsblink.com/event-details/12.html]
[edublink.react.devsblink.com/assets/images/event/event-14.jpg]
[edublink.react.devsblink.com/event-details/13.html]
[edublink.react.devsblink.com/assets/images/event/event-15.jpg]
[edublink.react.devsblink.com/event-details/14.html]
[edublink.react.devsblink.com/assets/images/event/event-16.jpg]
[edublink.react.devsblink.com/event-details/15.html]
[edublink.react.devsblink.com/assets/images/event/event-17.jpg]
[edublink.react.devsblink.com/event-details/16.html]
[edublink.react.devsblink.com/assets/images/event/event-18.jpg]
[edublink.react.devsblink.com/event-details/17.html]
[edublink.react.devsblink.com/assets/images/event/event-19.jpg]
[edublink.react.devsblink.com/event-list.html]
[edublink.react.devsblink.com/event-details/18.html]
[edublink.react.devsblink.com/_next/static/chunks/8637-db8a42d3f0a651f2.js]
[edublink.react.devsblink.com/_next/static/chunks/pages/event-details-05ef312f3ec283a4.js]
[edublink.react.devsblink.com/assets/images/event/event-21.jpg]
[edublink.react.devsblink.com/event-details.html]
[edublink.react.devsblink.com/purchase-guide.html]
[edublink.react.devsblink.com/_next/static/chunks/pages/purchase-guide-d4085ef240f73882.js]
[edublink.react.devsblink.com/_next/static/chunks/pages/404-4ca63ccb3d016308.js]
[edublink.react.devsblink.com/assets/images/others/404.png]
[edublink.react.devsblink.com/assets/images/others/map-shape-2.png]
[edublink.react.devsblink.com/404.html]
[edublink.react.devsblink.com/_next/static/chunks/pages/coming-soon-3f9901bc6c803b19.js]
[edublink.react.devsblink.com/assets/images/others/shape-22.png]
[edublink.react.devsblink.com/assets/images/others/shape-23.png]
[edublink.react.devsblink.com/assets/images/others/shape-24.png]
[edublink.react.devsblink.com/coming-soon.html]
[edublink.react.devsblink.com/faq.html]
[edublink.react.devsblink.com/_next/static/chunks/pages/faq-dfaa9461c14a9789.js]
[edublink.react.devsblink.com/privacy-policy.html]
[edublink.react.devsblink.com/_next/static/chunks/pages/privacy-policy-a5cf169dc82703d5.js]
[edublink.react.devsblink.com/terms-condition.html]
[edublink.react.devsblink.com/_next/static/chunks/pages/terms-condition-6b8c8c4a9aca68ee.js]
[edublink.react.devsblink.com/_next/static/chunks/pages/cart-3ffb21a9a62d8191.js]
[edublink.react.devsblink.com/cart.html]
[edublink.react.devsblink.com/wishlist.html]
[edublink.react.devsblink.com/_next/static/chunks/pages/wishlist-051ad28ce2bb573e.js]
[edublink.react.devsblink.com/checkout.html]
[edublink.react.devsblink.com/_next/static/chunks/pages/checkout-1d507830e1aacadc.js]
[edublink.react.devsblink.com/_next/static/chunks/pages/course-style-2-787ed59d21c7202a.js]
[edublink.react.devsblink.com/assets/images/course/course-04/course-01.jpg]
[edublink.react.devsblink.com/assets/images/course/course-04/course-02.jpg]
[edublink.react.devsblink.com/assets/images/course/course-04/course-03.jpg]
[edublink.react.devsblink.com/assets/images/course/course-04/course-04.jpg]
[edublink.react.devsblink.com/assets/images/course/course-04/course-05.jpg]
[edublink.react.devsblink.com/assets/images/course/course-04/course-06.jpg]
[edublink.react.devsblink.com/course-style-2.html]
[edublink.react.devsblink.com/course-style-3.html]
[edublink.react.devsblink.com/_next/static/chunks/pages/course-style-3-6f050851b86a5efb.js]
[edublink.react.devsblink.com/_next/static/css/820c3aadb2267286.css]
[edublink.react.devsblink.com/_next/static/chunks/6841-01cfa91414ab3480.js]
[edublink.react.devsblink.com/course-style-4.html]
[edublink.react.devsblink.com/_next/static/chunks/pages/course-style-4-ca91c6b87db9f682.js]
[edublink.react.devsblink.com/course-style-5.html]
[edublink.react.devsblink.com/_next/static/chunks/pages/course-style-5-05207324fddf10b6.js]
[edublink.react.devsblink.com/_next/static/chunks/9754-f7d0f767079077e5.js]
[edublink.react.devsblink.com/_next/static/chunks/8669-fc2f263f09b8c8a3.js]
[edublink.react.devsblink.com/_next/static/chunks/pages/course-details-3caf7db7093a4023.js]
[edublink.react.devsblink.com/assets/images/blog/comment-01.jpg]
[edublink.react.devsblink.com/assets/images/blog/comment-02.jpg]
[edublink.react.devsblink.com/assets/images/blog/comment-03.jpg]
[edublink.react.devsblink.com/course-details.html]
[edublink.react.devsblink.com/course-details-2.html]
[edublink.react.devsblink.com/_next/static/chunks/pages/course-details-2-42476e1ba135d8cb.js]
[edublink.react.devsblink.com/_next/static/chunks/pages/course-details-3-bf8f232da39f051b.js]
[edublink.react.devsblink.com/assets/images/course/course-main/course-45.jpg]
[edublink.react.devsblink.com/course-details-3.html]
[edublink.react.devsblink.com/_next/static/chunks/1307-25cd835580b834a3.js]
[edublink.react.devsblink.com/_next/static/chunks/pages/blog-standard-d45bb3d6dea89ecb.js]
[edublink.react.devsblink.com/blog-details/18.html]
[edublink.react.devsblink.com/assets/images/blog/blog-14.jpg]
[edublink.react.devsblink.com/blog-details/19.html]
[edublink.react.devsblink.com/assets/images/blog/blog-15.jpg]
[edublink.react.devsblink.com/blog-details/20.html]
[edublink.react.devsblink.com/assets/images/blog/blog-16_1.jpg]
[edublink.react.devsblink.com/assets/images/blog/blog-16_2.jpg]
[edublink.react.devsblink.com/assets/images/blog/blog-16_3.jpg]
[edublink.react.devsblink.com/blog-standard.html]
[edublink.react.devsblink.com/blog-masonry.html]
[edublink.react.devsblink.com/blog-list.html]
[edublink.react.devsblink.com/blog-details.html]
[edublink.react.devsblink.com/contact-us.html]
[edublink.react.devsblink.com/contact-me.html]
[edublink.react.devsblink.com/shop.html]
[edublink.react.devsblink.com/product-details.html]
[edublink.react.devsblink.com/course-details/1.html]
[edublink.react.devsblink.com/course-details/2.html]
[edublink.react.devsblink.com/course-details/3.html]
[edublink.react.devsblink.com/course-details/4.html]
[edublink.react.devsblink.com/team-details/1.html]
[edublink.react.devsblink.com/team-details/2.html]
[edublink.react.devsblink.com/team-details/3.html]
[edublink.react.devsblink.com/team-details/4.html]
[edublink.react.devsblink.com/blog-details/1.html]
[edublink.react.devsblink.com/blog-details/2.html]
[edublink.react.devsblink.com/blog-details/3.html]
[edublink.react.devsblink.com/_next/static/media/icomoon.b525ea0d.svg]
[edublink.react.devsblink.com/_next/static/media/remixicon.332b9658.svg]
[edublink.react.devsblink.com/_next/static/media/bg-image-20.da9b956c.svg]
[edublink.react.devsblink.com/_next/static/media/cta.dd0b4ce9.svg]
[edublink.react.devsblink.com/_next/static/media/bg-image-4.4ade5bbe.svg]
[edublink.react.devsblink.com/_next/static/media/h-4-cta.20e79761.svg]
[edublink.react.devsblink.com/_next/static/media/bg-image-6.fedc2351.svg]
[edublink.react.devsblink.com/_next/static/media/bg-image-5.87b20c8f.svg]
[edublink.react.devsblink.com/_next/static/media/bg-image-1.7f8b635e.svg]
[edublink.react.devsblink.com/_next/static/media/h8-testimonial-bg.e67c7a94.svg]
[edublink.react.devsblink.com/_next/static/media/wave-banner.a34b2c4f.svg]
[edublink.react.devsblink.com/_next/static/media/features-bg-1.4c5fc6e9.svg]
[edublink.react.devsblink.com/_next/static/media/features-bg-2.858fcf22.svg]
[edublink.react.devsblink.com/_next/static/media/features-bg-3.256c42cb.svg]
[edublink.react.devsblink.com/_next/static/media/features-bg-4.0b592222.svg]
[edublink.react.devsblink.com/_next/static/media/bg-image-3.f25a0f5e.svg]
[edublink.react.devsblink.com/_next/static/media/bg-image-2.f246185c.svg]
[edublink.react.devsblink.com/_next/static/media/dark-bg-image-20.07f2e95f.svg]
[edublink.react.devsblink.com/course-details/5.html]
[edublink.react.devsblink.com/course-details/6.html]
[edublink.react.devsblink.com/course-details/7.html]
[edublink.react.devsblink.com/course-details/8.html]
[edublink.react.devsblink.com/course-details/9.html]
[edublink.react.devsblink.com/event-details/1.html]
[edublink.react.devsblink.com/event-details/2.html]
[edublink.react.devsblink.com/event-details/3.html]
[edublink.react.devsblink.com/blog-details/4.html]
[edublink.react.devsblink.com/blog-details/5.html]
[edublink.react.devsblink.com/blog-details/6.html]
[edublink.react.devsblink.com/blog-details/7.html]
[edublink.react.devsblink.com/course-details/14.html]
[edublink.react.devsblink.com/course-details/15.html]
[edublink.react.devsblink.com/course-details/16.html]
[edublink.react.devsblink.com/blog-details/8.html]
[edublink.react.devsblink.com/blog-details/9.html]
[edublink.react.devsblink.com/blog-details/10.html]
[edublink.react.devsblink.com/course-details/20.html]
[edublink.react.devsblink.com/course-details/21.html]
[edublink.react.devsblink.com/course-details/22.html]
[edublink.react.devsblink.com/course-details/23.html]
[edublink.react.devsblink.com/course-details/26.html]
[edublink.react.devsblink.com/course-details/27.html]
[edublink.react.devsblink.com/course-details/28.html]
[edublink.react.devsblink.com/event-details/4.html]
[edublink.react.devsblink.com/event-details/5.html]
[edublink.react.devsblink.com/event-details/6.html]
[edublink.react.devsblink.com/event-details/7.html]
[edublink.react.devsblink.com/blog-details/11.html]
[edublink.react.devsblink.com/blog-details/12.html]
[edublink.react.devsblink.com/blog-details/13.html]
[edublink.react.devsblink.com/assets/images/cta/cta-round.svg]
[edublink.react.devsblink.com/blog-details/14.html]
[edublink.react.devsblink.com/blog-details/15.html]
[edublink.react.devsblink.com/blog-details/16.html]
[edublink.react.devsblink.com/blog-details/17.html]
[edublink.react.devsblink.com/team-details/5.html]
[edublink.react.devsblink.com/team-details/6.html]
[edublink.react.devsblink.com/team-details/7.html]
[edublink.react.devsblink.com/team-details/8.html]
[edublink.react.devsblink.com/course-details/13.html]
[edublink.react.devsblink.com/course-details/19.html]
[edublink.react.devsblink.com/course-details/24.html]
[edublink.react.devsblink.com/course-details/25.html]
[edublink.react.devsblink.com/course-details/31.html]
[edublink.react.devsblink.com/event-details/12.html]
[edublink.react.devsblink.com/event-details/13.html]
[edublink.react.devsblink.com/event-details/14.html]
[edublink.react.devsblink.com/event-details/15.html]
[edublink.react.devsblink.com/event-details/16.html]
[edublink.react.devsblink.com/event-details/17.html]
[edublink.react.devsblink.com/event-details/18.html]
[edublink.react.devsblink.com/_next/static/css/820c3aadb2267286.css]
[edublink.react.devsblink.com/blog-details/18.html]
[edublink.react.devsblink.com/blog-details/19.html]
[edublink.react.devsblink.com/blog-details/20.html]
[edublink.react.devsblink.com/assets/images/blog/blog-16_2.jpg]
[edublink.react.devsblink.com/assets/images/blog/blog-16_3.jpg]
[edublink.react.devsblink.com/blog-details/21]
[edublink.react.devsblink.com/assets/images/blog/blog-17.jpg]
[edublink.react.devsblink.com/blog-details/22]
[edublink.react.devsblink.com/assets/images/blog/blog-18.jpg]
[edublink.react.devsblink.com/_next/static/chunks/pages/blog-masonry-29d01fb21cf1d01e.js]
[edublink.react.devsblink.com/blog-details/23]
[edublink.react.devsblink.com/blog-details/24]
[edublink.react.devsblink.com/blog-details/25]
[edublink.react.devsblink.com/blog-details/26]
[edublink.react.devsblink.com/assets/images/blog/blog-19.jpg]
[edublink.react.devsblink.com/blog-details/27]
[edublink.react.devsblink.com/assets/images/blog/blog-21.jpg]
[edublink.react.devsblink.com/blog-details/28]
[edublink.react.devsblink.com/assets/images/blog/blog-20.jpg]
[edublink.react.devsblink.com/blog-details/29]
[edublink.react.devsblink.com/assets/images/blog/blog-23.jpg]
[edublink.react.devsblink.com/blog-details/30]
[edublink.react.devsblink.com/assets/images/blog/blog-24.jpg]
[edublink.react.devsblink.com/blog-details/31]
[edublink.react.devsblink.com/assets/images/blog/blog-22.jpg]
[edublink.react.devsblink.com/_next/static/chunks/pages/blog-list-63d53df3a68944ed.js]
[edublink.react.devsblink.com/blog-details/32]
[edublink.react.devsblink.com/assets/images/blog/blog-25.jpg]
[edublink.react.devsblink.com/blog-details/33]
[edublink.react.devsblink.com/assets/images/blog/blog-26.jpg]
[edublink.react.devsblink.com/blog-details/34]
[edublink.react.devsblink.com/assets/images/blog/blog-27.jpg]
[edublink.react.devsblink.com/blog-details/35]
[edublink.react.devsblink.com/assets/images/blog/blog-28.jpg]
[edublink.react.devsblink.com/blog-details/36]
[edublink.react.devsblink.com/assets/images/blog/blog-29.jpg]
[edublink.react.devsblink.com/blog-details/37]
[edublink.react.devsblink.com/assets/images/blog/blog-30.jpg]
[edublink.react.devsblink.com/blog-details/38]
[edublink.react.devsblink.com/assets/images/blog/blog-31.jpg]
[edublink.react.devsblink.com/_next/static/chunks/7437-4e6b4722aa2f0ec5.js]
[edublink.react.devsblink.com/_next/static/chunks/pages/blog-details-cf92d4f770db838f.js]
[edublink.react.devsblink.com/assets/images/blog/blog-large-1.jpg]
[edublink.react.devsblink.com/assets/images/blog/features-1.jpg]
[edublink.react.devsblink.com/assets/images/blog/features-2.jpg]
[edublink.react.devsblink.com/assets/images/blog/author-01.jpg]
[edublink.react.devsblink.com/_next/static/chunks/pages/contact-us-6c8fd7058d4462eb.js]
[edublink.react.devsblink.com/_next/static/chunks/pages/contact-me-a71b95f200bcad0f.js]
[edublink.react.devsblink.com/assets/images/others/contact-me.jpg]
[edublink.react.devsblink.com/_next/static/chunks/pages/course-details/[id]-7f37076110fd38cd.js]
[edublink.react.devsblink.com/_next/static/chunks/pages/team-details/[id]-b1a2c78061a5f28b.js]
[edublink.react.devsblink.com/course-details/10]
[edublink.react.devsblink.com/assets/images/course/course-01/course-10.jpg]
[edublink.react.devsblink.com/course-details/12]
[edublink.react.devsblink.com/assets/images/course/course-01/course-12.jpg]
[edublink.react.devsblink.com/assets/images/course/course-01/course-16.jpg]
[edublink.react.devsblink.com/course-details/17]
[edublink.react.devsblink.com/assets/images/course/course-01/course-17.jpg]
[edublink.react.devsblink.com/assets/images/course/course-01/course-20.jpg]
[edublink.react.devsblink.com/assets/images/course/course-01/course-09.jpg]
[edublink.react.devsblink.com/assets/images/course/course-01/course-15.jpg]
[edublink.react.devsblink.com/assets/images/course/course-01/course-21.jpg]
[edublink.react.devsblink.com/assets/images/course/course-01/course-22.jpg]
[edublink.react.devsblink.com/assets/images/course/course-01/course-23.jpg]
[edublink.react.devsblink.com/_next/static/chunks/pages/blog-details/[id]-cb4aab413ee6d524.js]
[edublink.react.devsblink.com/_next/static/chunks/pages/event-details/[id]-f383cbd6b5744bc1.js]
[edublink.react.devsblink.com/assets/images/course/course-01/course-14.jpg]
[edublink.react.devsblink.com/assets/images/course/course-01/course-27.jpg]
[edublink.react.devsblink.com/assets/images/course/course-01/course-28.jpg]
[edublink.react.devsblink.com/course-details/18]
[edublink.react.devsblink.com/assets/images/course/course-01/course-18.jpg]
[edublink.react.devsblink.com/course-details/30]
[edublink.react.devsblink.com/assets/images/course/course-01/course-30.jpg]
[edublink.react.devsblink.com/course-details/11]
[edublink.react.devsblink.com/assets/images/course/course-01/course-11.jpg]
[edublink.react.devsblink.com/course-details/29]
[edublink.react.devsblink.com/assets/images/course/course-01/course-29.jpg]
[edublink.react.devsblink.com/assets/images/team/team-02/team-07.webp]
[edublink.react.devsblink.com/assets/images/team/team-02/team-08.webp]
